Testing PRODUCTION Gemini Aggregator...

--- Test 1: Standard Conversation ---
node : Gemini 
Aggregation Failed: 
All extractions 
failed.
At line:1 char:1
+ node backend/testPr
oduction.js > 
test_output.txt 2>&1
+ ~~~~~~~~~~~~~~~~~~~
~~~~~~~~~~~~~~~~~~~~~
~~~~~~~~~~~~~
    + CategoryInfo   
           : NotSpe  
  cified: (Gemini    
 Aggregat...actio    
ns failed.:Strin    
g) [], RemoteExc    
eption
    + FullyQualified 
   ErrorId : Native  
  CommandError
 
Using TextRank Fallback
FAILED: Missing 
deadline
Summary: I'll handle backend API. I'll handle the frontend. I'll monitor the logs.
FAILED: Missing 
deployment

--- Test 2: Rate Limit Safeguard ---
SUCCESS: Rate limit triggered correctly.

--- Test 3: Oversized Input Guard ---
SUCCESS: Input size guard triggered.
